ERROR - 2026-07-20 09:54:02 --> Unknown column 'user_email' in 'field list'
in SYSTEMPATH/Database/MySQLi/Connection.php on line 300.
 1 SYSTEMPATH/Database/MySQLi/Connection.php(300): mysqli->query('SELECT `user_email`
FROM `users`
WHERE `user_email` IN (\'nursaidah@sinjaikab.go.id\',\'nursaidah75@sinjaikab.go.id\',\'nursaidah23@sinjaikab.go.id\',\'anitar@sinjaikab.go.id\',\'anitar82@sinjaikab.go.id\',\'anitar05@sinjaikab.go.id\',\'rosmiati@sinjaikab.go.id\',\'rosmiati66@sinjaikab.go.id\',\'rosmiati31@sinjaikab.go.id\',\'leleng@sinjaikab.go.id\',\'leleng80@sinjaikab.go.id\',\'leleng12@sinjaikab.go.id\',\'jumriana@sinjaikab.go.id\',\'jumriana84@sinjaikab.go.id\',\'jumriana10@sinjaikab.go.id\',\'hasrinah@sinjaikab.go.id\',\'hasrinah86@sinjaikab.go.id\',\'hasrinah07@sinjaikab.go.id\',\'dianekawati@sinjaikab.go.id\',\'dianekawati87@sinjaikab.go.id\',\'dianekawati03@sinjaikab.go.id\',\'hasrawati@sinjaikab.go.id\',\'hasrawati78@sinjaikab.go.id\',\'hasrawati26@sinjaikab.go.id\',\'pujirahayu@sinjaikab.go.id\',\'pujirahayu92@sinjaikab.go.id\',\'pujirahayu10@sinjaikab.go.id\',\'ismawati@sinjaikab.go.id\',\'ismawati73@sinjaikab.go.id\',\'ismawati10@sinjaikab.go.id\')', 0)
 2 SYSTEMPATH/Database/BaseConnection.php(910): CodeIgniter\Database\MySQLi\Connection->execute('SELECT `user_email`
FROM `users`
WHERE `user_email` IN (\'nursaidah@sinjaikab.go.id\',\'nursaidah75@sinjaikab.go.id\',\'nursaidah23@sinjaikab.go.id\',\'anitar@sinjaikab.go.id\',\'anitar82@sinjaikab.go.id\',\'anitar05@sinjaikab.go.id\',\'rosmiati@sinjaikab.go.id\',\'rosmiati66@sinjaikab.go.id\',\'rosmiati31@sinjaikab.go.id\',\'leleng@sinjaikab.go.id\',\'leleng80@sinjaikab.go.id\',\'leleng12@sinjaikab.go.id\',\'jumriana@sinjaikab.go.id\',\'jumriana84@sinjaikab.go.id\',\'jumriana10@sinjaikab.go.id\',\'hasrinah@sinjaikab.go.id\',\'hasrinah86@sinjaikab.go.id\',\'hasrinah07@sinjaikab.go.id\',\'dianekawati@sinjaikab.go.id\',\'dianekawati87@sinjaikab.go.id\',\'dianekawati03@sinjaikab.go.id\',\'hasrawati@sinjaikab.go.id\',\'hasrawati78@sinjaikab.go.id\',\'hasrawati26@sinjaikab.go.id\',\'pujirahayu@sinjaikab.go.id\',\'pujirahayu92@sinjaikab.go.id\',\'pujirahayu10@sinjaikab.go.id\',\'ismawati@sinjaikab.go.id\',\'ismawati73@sinjaikab.go.id\',\'ismawati10@sinjaikab.go.id\')')
 3 SYSTEMPATH/Database/BaseConnection.php(827): CodeIgniter\Database\BaseConnection->simpleQuery('SELECT `user_email`
FROM `users`
WHERE `user_email` IN (\'nursaidah@sinjaikab.go.id\',\'nursaidah75@sinjaikab.go.id\',\'nursaidah23@sinjaikab.go.id\',\'anitar@sinjaikab.go.id\',\'anitar82@sinjaikab.go.id\',\'anitar05@sinjaikab.go.id\',\'rosmiati@sinjaikab.go.id\',\'rosmiati66@sinjaikab.go.id\',\'rosmiati31@sinjaikab.go.id\',\'leleng@sinjaikab.go.id\',\'leleng80@sinjaikab.go.id\',\'leleng12@sinjaikab.go.id\',\'jumriana@sinjaikab.go.id\',\'jumriana84@sinjaikab.go.id\',\'jumriana10@sinjaikab.go.id\',\'hasrinah@sinjaikab.go.id\',\'hasrinah86@sinjaikab.go.id\',\'hasrinah07@sinjaikab.go.id\',\'dianekawati@sinjaikab.go.id\',\'dianekawati87@sinjaikab.go.id\',\'dianekawati03@sinjaikab.go.id\',\'hasrawati@sinjaikab.go.id\',\'hasrawati78@sinjaikab.go.id\',\'hasrawati26@sinjaikab.go.id\',\'pujirahayu@sinjaikab.go.id\',\'pujirahayu92@sinjaikab.go.id\',\'pujirahayu10@sinjaikab.go.id\',\'ismawati@sinjaikab.go.id\',\'ismawati73@sinjaikab.go.id\',\'ismawati10@sinjaikab.go.id\')')
 4 SYSTEMPATH/Database/BaseBuilder.php(1649): CodeIgniter\Database\BaseConnection->query('SELECT `user_email`
FROM `users`
WHERE `user_email` IN :user_email:', [...], false)
 5 SYSTEMPATH/Model.php(195): CodeIgniter\Database\BaseBuilder->get()
 6 SYSTEMPATH/BaseModel.php(615): CodeIgniter\Model->doFind(false, null)
 7 SYSTEMPATH/Model.php(225): CodeIgniter\BaseModel->find()
 8 SYSTEMPATH/BaseModel.php(644): CodeIgniter\Model->doFindColumn('user_email')
 9 APPPATH/Domains/Auth/Controllers/UserController.php(196): CodeIgniter\BaseModel->findColumn('user_email')
10 SYSTEMPATH/CodeIgniter.php(951): App\Domains\Auth\Controllers\UserController->batchCheckAvailability()
11 SYSTEMPATH/CodeIgniter.php(497): CodeIgniter\CodeIgniter->runController(Object(App\Domains\Auth\Controllers\UserController))
12 SYSTEMPATH/CodeIgniter.php(340): CodeIgniter\CodeIgniter->handleRequest(null, Object(Config\Cache), false)
13 SYSTEMPATH/Boot.php(417): CodeIgniter\CodeIgniter->run()
14 SYSTEMPATH/Boot.php(68): CodeIgniter\Boot::runCodeIgniter(Object(CodeIgniter\CodeIgniter))
15 FCPATH/index.php(59): CodeIgniter\Boot::bootWeb(Object(Config\Paths))
